******************************************************************************
                  MSP430 Linker PC v4.4.5                      
******************************************************************************
>> Linked Sun May 08 22:20:26 2016

OUTPUT FILE NAME:   <LaserChest.out>
ENTRY POINT SYMBOL: "_c_int00_noargs_noexit"  address: 0000cd32


MEMORY CONFIGURATION

         name            origin    length      used     unused   attr    fill
----------------------  --------  ---------  --------  --------  ----  --------
  SFR                   00000000   00000010  00000000  00000010  RWIX
  PERIPHERALS_8BIT      00000010   000000f0  00000000  000000f0  RWIX
  PERIPHERALS_16BIT     00000100   00000100  00000000  00000100  RWIX
  RAM                   00000200   00000200  000001ba  00000046  RWIX
  INFOD                 00001000   00000040  00000000  00000040  RWIX
  INFOC                 00001040   00000040  00000000  00000040  RWIX
  INFOB                 00001080   00000040  00000000  00000040  RWIX
  INFOA                 000010c0   00000040  00000000  00000040  RWIX
  FLASH                 0000c000   00003fde  00000e86  00003158  RWIX
  BSLSIGNATURE          0000ffde   00000002  00000002  00000000  RWIX  ffff 
  INT00                 0000ffe0   00000002  00000002  00000000  RWIX
  INT01                 0000ffe2   00000002  00000000  00000002  RWIX
  INT02                 0000ffe4   00000002  00000002  00000000  RWIX
  INT03                 0000ffe6   00000002  00000002  00000000  RWIX
  INT04                 0000ffe8   00000002  00000000  00000002  RWIX
  INT05                 0000ffea   00000002  00000002  00000000  RWIX
  INT06                 0000ffec   00000002  00000002  00000000  RWIX
  INT07                 0000ffee   00000002  00000002  00000000  RWIX
  INT08                 0000fff0   00000002  00000002  00000000  RWIX
  INT09                 0000fff2   00000002  00000002  00000000  RWIX
  INT10                 0000fff4   00000002  00000002  00000000  RWIX
  INT11                 0000fff6   00000002  00000002  00000000  RWIX
  INT12                 0000fff8   00000002  00000002  00000000  RWIX
  INT13                 0000fffa   00000002  00000002  00000000  RWIX
  INT14                 0000fffc   00000002  00000002  00000000  RWIX
  RESET                 0000fffe   00000002  00000002  00000000  RWIX


SECTION ALLOCATION MAP

 output                                  attributes/
section   page    origin      length       input sections
--------  ----  ----------  ----------   ----------------
.bss       0    00000200    000000da     UNINITIALIZED
                  00000200    00000068     (.common:spiLeds)
                  00000268    0000004e     (.common:marioLoseTune)
                  000002b6    0000000c     (.common:damageTune)
                  000002c2    00000004     (.common:ledOff)
                  000002c6    00000004     (.common:time)
                  000002ca    00000004     (.common:toneStart)
                  000002ce    00000004     (.common:white)
                  000002d2    00000002     (.common:currentTune)
                  000002d4    00000002     (.common:spiLedIndex)
                  000002d6    00000002     (.common:startup)
                  000002d8    00000002     (.common:tuneIndex)

.data      0    000002da    00000090     UNINITIALIZED
                  000002da    00000040     main.obj (.data:history)
                  0000031a    00000030     main.obj (.data)
                  0000034a    00000020     main.obj (.data:times)

.TI.persistent 
*          0    000002da    00000000     UNINITIALIZED

.stack     0    000003b0    00000050     UNINITIALIZED
                  000003b0    00000002     rts430_eabi.lib : boot.obj (.stack)
                  000003b2    0000004e     --HOLE--

.text      0    0000c000    00000dd4     
                  0000c000    000003a4     main.obj (.text:main)
                  0000c3a4    00000330     main.obj (.text:playSong)
                  0000c6d4    0000026c     Laserhelper.obj (.text:initLaserhelper)
                  0000c940    00000098     Laserhelper.obj (.text:playTone)
                  0000c9d8    0000008e     main.obj (.text:calcPeriod)
                  0000ca66    00000064     rts430_eabi.lib : copy_decompress_rle.obj (.text:__TI_decompress_rle_core)
                  0000caca    00000058                     : autoinit.obj (.text:_auto_init)
                  0000cb22    00000058                     : div32u.obj (.text)
                  0000cb7a    0000004c                     : lsr16.obj (.text)
                  0000cbc6    00000040                     : div32s.obj (.text)
                  0000cc06    00000040     main.obj (.text:watchdog_timer)
                  0000cc46    0000003c     main.obj (.text:initialize)
                  0000cc82    0000003a     Laserhelper.obj (.text:spiLedFlush)
                  0000ccbc    0000002c     rts430_eabi.lib : asr16.obj (.text)
                  0000cce8    0000002a     main.obj (.text:ledsOff)
                  0000cd12    00000020     Laserhelper.obj (.text:mute)
                  0000cd32    0000001a     rts430_eabi.lib : boot_special.obj (.text:_c_int00_noargs_noexit)
                  0000cd4c    00000014                     : copy_zero_init.obj (.text:decompress:ZI:__TI_zero_init)
                  0000cd60    00000014                     : mult16.obj (.text)
                  0000cd74    00000012                     : copy_decompress_none.obj (.text:decompress:none:__TI_decompress_none)
                  0000cd86    00000012                     : memcpy.obj (.text:memcpy)
                  0000cd98    00000010                     : epilog.obj (.text)
                  0000cda8    0000000e     main.obj (.text:readADC)
                  0000cdb6    0000000a     Laserhelper.obj (.text:micros)
                  0000cdc0    00000006     rts430_eabi.lib : isr_trap.obj (.text:_isr:__TI_ISR_TRAP)
                  0000cdc6    00000006                     : copy_decompress_rle.obj (.text:decompress:rle24:__TI_decompress_rle24)
                  0000cdcc    00000004                     : pre_init.obj (.text:_system_pre_init)
                  0000cdd0    00000004                     : exit.obj (.text:abort)

.const     0    0000cdd4    0000008e     
                  0000cdd4    00000062     Laserhelper.obj (.const)
                  0000ce36    0000002c     main.obj (.const)

.cinit     0    0000ce62    00000024     
                  0000ce62    00000011     (.cinit..data.load) [load image, compression = rle]
                  0000ce73    00000001     --HOLE-- [fill = 0]
                  0000ce74    00000006     (__TI_handler_table)
                  0000ce7a    00000004     (.cinit..bss.load) [load image, compression = zero_init]
                  0000ce7e    00000008     (__TI_cinit_table)

.init_array 
*          0    0000c000    00000000     UNINITIALIZED

TRAPINT    0    0000ffe0    00000002     
                  0000ffe0    00000002     rts430_eabi.lib : int00.obj (.int00)

$fill000   0    0000ffde    00000002     
                  0000ffde    00000002     --HOLE-- [fill = ffff]

PORT1      0    0000ffe4    00000002     
                  0000ffe4    00000002     rts430_eabi.lib : int02.obj (.int02)

PORT2      0    0000ffe6    00000002     
                  0000ffe6    00000002     rts430_eabi.lib : int03.obj (.int03)

ADC10      0    0000ffea    00000002     
                  0000ffea    00000002     rts430_eabi.lib : int05.obj (.int05)

USCIAB0TX 
*          0    0000ffec    00000002     
                  0000ffec    00000002     rts430_eabi.lib : int06.obj (.int06)

USCIAB0RX 
*          0    0000ffee    00000002     
                  0000ffee    00000002     rts430_eabi.lib : int07.obj (.int07)

TIMER0_A1 
*          0    0000fff0    00000002     
                  0000fff0    00000002     rts430_eabi.lib : int08.obj (.int08)

TIMER0_A0 
*          0    0000fff2    00000002     
                  0000fff2    00000002     rts430_eabi.lib : int09.obj (.int09)

WDT        0    0000fff4    00000002     
                  0000fff4    00000002     main.obj (.int10)

COMPARATORA 
*          0    0000fff6    00000002     
                  0000fff6    00000002     rts430_eabi.lib : int11.obj (.int11)

TIMER1_A1 
*          0    0000fff8    00000002     
                  0000fff8    00000002     rts430_eabi.lib : int12.obj (.int12)

TIMER1_A0 
*          0    0000fffa    00000002     
                  0000fffa    00000002     rts430_eabi.lib : int13.obj (.int13)

NMI        0    0000fffc    00000002     
                  0000fffc    00000002     rts430_eabi.lib : int14.obj (.int14)

.reset     0    0000fffe    00000002     
                  0000fffe    00000002     rts430_eabi.lib : boot.obj (.reset)


LINKER GENERATED COPY TABLES

__TI_cinit_table @ 0000ce7e records: 2, size/record: 4, table size: 8
	.data: load addr=0000ce62, load size=00000011 bytes, run addr=000002da, run size=00000090 bytes, compression=rle
	.bss: load addr=0000ce7a, load size=00000004 bytes, run addr=00000200, run size=000000da bytes, compression=zero_init


LINKER GENERATED HANDLER TABLE

__TI_handler_table @ 0000ce74 records: 3, size/record: 2, table size: 6
	index: 0, handler: __TI_zero_init
	index: 1, handler: __TI_decompress_rle24
	index: 2, handler: __TI_decompress_none


GLOBAL SYMBOLS: SORTED ALPHABETICALLY BY Name 

address   name                    
-------   ----                    
0000004a  ADC10AE0                
000001b0  ADC10CTL0               
000001b2  ADC10CTL1               
00000048  ADC10DTC0               
00000049  ADC10DTC1               
000001b4  ADC10MEM                
000001bc  ADC10SA                 
00000057  BCSCTL1                 
00000058  BCSCTL2                 
00000053  BCSCTL3                 
0000cdd0  C$$EXIT                 
00000059  CACTL1                  
0000005a  CACTL2                  
000010fb  CALBC1_12MHZ            
000010f9  CALBC1_16MHZ            
000010ff  CALBC1_1MHZ             
000010fd  CALBC1_8MHZ             
000010fa  CALDCO_12MHZ            
000010f8  CALDCO_16MHZ            
000010fe  CALDCO_1MHZ             
000010fc  CALDCO_8MHZ             
0000005b  CAPD                    
00000056  DCOCTL                  
00000128  FCTL1                   
0000012a  FCTL2                   
0000012c  FCTL3                   
00000000  IE1                     
00000001  IE2                     
00000002  IFG1                    
00000003  IFG2                    
00000332  LCDupdateflag           
00000022  P1DIR                   
00000025  P1IE                    
00000024  P1IES                   
00000023  P1IFG                   
00000020  P1IN                    
00000021  P1OUT                   
00000027  P1REN                   
00000026  P1SEL                   
00000041  P1SEL2                  
0000002a  P2DIR                   
0000002d  P2IE                    
0000002c  P2IES                   
0000002b  P2IFG                   
00000028  P2IN                    
00000029  P2OUT                   
0000002f  P2REN                   
0000002e  P2SEL                   
00000042  P2SEL2                  
0000001a  P3DIR                   
00000018  P3IN                    
00000019  P3OUT                   
00000010  P3REN                   
0000001b  P3SEL                   
00000043  P3SEL2                  
00000172  TA0CCR0                 
00000174  TA0CCR1                 
00000176  TA0CCR2                 
00000162  TA0CCTL0                
00000164  TA0CCTL1                
00000166  TA0CCTL2                
00000160  TA0CTL                  
0000012e  TA0IV                   
00000170  TA0R                    
00000192  TA1CCR0                 
00000194  TA1CCR1                 
00000196  TA1CCR2                 
00000182  TA1CCTL0                
00000184  TA1CCTL1                
00000186  TA1CCTL2                
00000180  TA1CTL                  
0000011e  TA1IV                   
00000190  TA1R                    
000010db  TLV_ADC10_1_LEN         
000010da  TLV_ADC10_1_TAG         
000010c0  TLV_CHECKSUM            
000010f7  TLV_DCO_30_LEN          
000010f6  TLV_DCO_30_TAG          
0000005d  UCA0ABCTL               
00000062  UCA0BR0                 
00000063  UCA0BR1                 
00000060  UCA0CTL0                
00000061  UCA0CTL1                
0000005f  UCA0IRRCTL              
0000005e  UCA0IRTCTL              
00000064  UCA0MCTL                
00000066  UCA0RXBUF               
00000065  UCA0STAT                
00000067  UCA0TXBUF               
0000006a  UCB0BR0                 
0000006b  UCB0BR1                 
00000068  UCB0CTL0                
00000069  UCB0CTL1                
0000006c  UCB0I2CIE               
00000118  UCB0I2COA               
0000011a  UCB0I2CSA               
0000006e  UCB0RXBUF               
0000006d  UCB0STAT                
0000006f  UCB0TXBUF               
00000120  WDTCTL                  
00000330  WDTcnt                  
0000032e  WDTsubcnt               
00000334  _1msflag                
00000400  __STACK_END             
00000050  __STACK_SIZE            
0000ce7e  __TI_CINIT_Base         
0000ce86  __TI_CINIT_Limit        
0000ce74  __TI_Handler_Table_Base 
0000ce7a  __TI_Handler_Table_Limit
UNDEFED   __TI_INITARRAY_Base     
UNDEFED   __TI_INITARRAY_Limit    
0000cdc0  __TI_ISR_TRAP           
0000cd74  __TI_decompress_none    
0000cdc6  __TI_decompress_rle24   
0000ffe0  __TI_int00              
0000ffe4  __TI_int02              
0000ffe6  __TI_int03              
0000ffea  __TI_int05              
0000ffec  __TI_int06              
0000ffee  __TI_int07              
0000fff0  __TI_int08              
0000fff2  __TI_int09              
0000fff4  __TI_int10              
0000fff6  __TI_int11              
0000fff8  __TI_int12              
0000fffa  __TI_int13              
0000fffc  __TI_int14              
0000cd4c  __TI_zero_init          
ffffffff  __binit__               
ffffffff  __c_args__              
0000cbc6  __mspabi_divli          
0000cb22  __mspabi_divul          
0000cda4  __mspabi_func_epilog_1  
0000cda2  __mspabi_func_epilog_2  
0000cda0  __mspabi_func_epilog_3  
0000cd9e  __mspabi_func_epilog_4  
0000cd9c  __mspabi_func_epilog_5  
0000cd9a  __mspabi_func_epilog_6  
0000cd98  __mspabi_func_epilog_7  
0000cd60  __mspabi_mpyi           
0000cd60  __mspabi_mpyi_sw        
0000cbc6  __mspabi_remli          
0000cb22  __mspabi_remul          
0000ccbc  __mspabi_srai           
0000cce4  __mspabi_srai_1         
0000ccd2  __mspabi_srai_10        
0000ccd0  __mspabi_srai_11        
0000ccce  __mspabi_srai_12        
0000cccc  __mspabi_srai_13        
0000ccca  __mspabi_srai_14        
0000ccc8  __mspabi_srai_15        
0000cce2  __mspabi_srai_2         
0000cce0  __mspabi_srai_3         
0000ccde  __mspabi_srai_4         
0000ccdc  __mspabi_srai_5         
0000ccda  __mspabi_srai_6         
0000ccd8  __mspabi_srai_7         
0000ccd6  __mspabi_srai_8         
0000ccd4  __mspabi_srai_9         
0000cb7a  __mspabi_srli           
0000cbc0  __mspabi_srli_1         
0000cb9c  __mspabi_srli_10        
0000cb98  __mspabi_srli_11        
0000cb94  __mspabi_srli_12        
0000cb90  __mspabi_srli_13        
0000cb8c  __mspabi_srli_14        
0000cb88  __mspabi_srli_15        
0000cbbc  __mspabi_srli_2         
0000cbb8  __mspabi_srli_3         
0000cbb4  __mspabi_srli_4         
0000cbb0  __mspabi_srli_5         
0000cbac  __mspabi_srli_6         
0000cba8  __mspabi_srli_7         
0000cba4  __mspabi_srli_8         
0000cba0  __mspabi_srli_9         
0000caca  _auto_init              
0000cd32  _c_int00_noargs_noexit  
0000fffe  _reset_vector           
000003b0  _stack                  
0000cdcc  _system_pre_init        
0000cdd0  abort                   
00000328  adc_reading             
00000342  base                    
ffffffff  binit                   
0000c9d8  calcPeriod              
0000033a  check_period_flag       
000002d2  currentTune             
000002b6  damageTune              
00000320  dmg                     
00000324  game_over               
00000336  globaltime              
000002da  history                 
0000031e  hp                      
0000032c  i                       
00000322  immunity                
0000033c  immunity_timer          
0000c6d4  initLaserhelper         
0000cc46  initialize              
00000348  j                       
0000032a  k                       
00000340  laser_flag              
0000033e  laser_on                
00000346  laser_state             
000002c2  ledOff                  
0000cce8  ledsOff                 
0000c000  main                    
00000268  marioLoseTune           
0000cd86  memcpy                  
0000cdb6  micros                  
0000cd12  mute                    
0000c3a4  playSong                
0000c940  playTone                
0000cda8  readADC                 
00000326  readADCflag             
0000031a  sample_cnt              
0000031c  sample_sum              
0000cc82  spiLedFlush             
000002d4  spiLedIndex             
00000200  spiLeds                 
000002d6  startup                 
000002c6  time                    
00000344  time_since              
0000034a  times                   
000002ca  toneStart               
000002d8  tuneIndex               
0000cc06  watchdog_timer          
000002ce  white                   


GLOBAL SYMBOLS: SORTED BY Symbol Address 

address   name                    
-------   ----                    
00000000  IE1                     
00000001  IE2                     
00000002  IFG1                    
00000003  IFG2                    
00000010  P3REN                   
00000018  P3IN                    
00000019  P3OUT                   
0000001a  P3DIR                   
0000001b  P3SEL                   
00000020  P1IN                    
00000021  P1OUT                   
00000022  P1DIR                   
00000023  P1IFG                   
00000024  P1IES                   
00000025  P1IE                    
00000026  P1SEL                   
00000027  P1REN                   
00000028  P2IN                    
00000029  P2OUT                   
0000002a  P2DIR                   
0000002b  P2IFG                   
0000002c  P2IES                   
0000002d  P2IE                    
0000002e  P2SEL                   
0000002f  P2REN                   
00000041  P1SEL2                  
00000042  P2SEL2                  
00000043  P3SEL2                  
00000048  ADC10DTC0               
00000049  ADC10DTC1               
0000004a  ADC10AE0                
00000050  __STACK_SIZE            
00000053  BCSCTL3                 
00000056  DCOCTL                  
00000057  BCSCTL1                 
00000058  BCSCTL2                 
00000059  CACTL1                  
0000005a  CACTL2                  
0000005b  CAPD                    
0000005d  UCA0ABCTL               
0000005e  UCA0IRTCTL              
0000005f  UCA0IRRCTL              
00000060  UCA0CTL0                
00000061  UCA0CTL1                
00000062  UCA0BR0                 
00000063  UCA0BR1                 
00000064  UCA0MCTL                
00000065  UCA0STAT                
00000066  UCA0RXBUF               
00000067  UCA0TXBUF               
00000068  UCB0CTL0                
00000069  UCB0CTL1                
0000006a  UCB0BR0                 
0000006b  UCB0BR1                 
0000006c  UCB0I2CIE               
0000006d  UCB0STAT                
0000006e  UCB0RXBUF               
0000006f  UCB0TXBUF               
00000118  UCB0I2COA               
0000011a  UCB0I2CSA               
0000011e  TA1IV                   
00000120  WDTCTL                  
00000128  FCTL1                   
0000012a  FCTL2                   
0000012c  FCTL3                   
0000012e  TA0IV                   
00000160  TA0CTL                  
00000162  TA0CCTL0                
00000164  TA0CCTL1                
00000166  TA0CCTL2                
00000170  TA0R                    
00000172  TA0CCR0                 
00000174  TA0CCR1                 
00000176  TA0CCR2                 
00000180  TA1CTL                  
00000182  TA1CCTL0                
00000184  TA1CCTL1                
00000186  TA1CCTL2                
00000190  TA1R                    
00000192  TA1CCR0                 
00000194  TA1CCR1                 
00000196  TA1CCR2                 
000001b0  ADC10CTL0               
000001b2  ADC10CTL1               
000001b4  ADC10MEM                
000001bc  ADC10SA                 
00000200  spiLeds                 
00000268  marioLoseTune           
000002b6  damageTune              
000002c2  ledOff                  
000002c6  time                    
000002ca  toneStart               
000002ce  white                   
000002d2  currentTune             
000002d4  spiLedIndex             
000002d6  startup                 
000002d8  tuneIndex               
000002da  history                 
0000031a  sample_cnt              
0000031c  sample_sum              
0000031e  hp                      
00000320  dmg                     
00000322  immunity                
00000324  game_over               
00000326  readADCflag             
00000328  adc_reading             
0000032a  k                       
0000032c  i                       
0000032e  WDTsubcnt               
00000330  WDTcnt                  
00000332  LCDupdateflag           
00000334  _1msflag                
00000336  globaltime              
0000033a  check_period_flag       
0000033c  immunity_timer          
0000033e  laser_on                
00000340  laser_flag              
00000342  base                    
00000344  time_since              
00000346  laser_state             
00000348  j                       
0000034a  times                   
000003b0  _stack                  
00000400  __STACK_END             
000010c0  TLV_CHECKSUM            
000010da  TLV_ADC10_1_TAG         
000010db  TLV_ADC10_1_LEN         
000010f6  TLV_DCO_30_TAG          
000010f7  TLV_DCO_30_LEN          
000010f8  CALDCO_16MHZ            
000010f9  CALBC1_16MHZ            
000010fa  CALDCO_12MHZ            
000010fb  CALBC1_12MHZ            
000010fc  CALDCO_8MHZ             
000010fd  CALBC1_8MHZ             
000010fe  CALDCO_1MHZ             
000010ff  CALBC1_1MHZ             
0000c000  main                    
0000c3a4  playSong                
0000c6d4  initLaserhelper         
0000c940  playTone                
0000c9d8  calcPeriod              
0000caca  _auto_init              
0000cb22  __mspabi_divul          
0000cb22  __mspabi_remul          
0000cb7a  __mspabi_srli           
0000cb88  __mspabi_srli_15        
0000cb8c  __mspabi_srli_14        
0000cb90  __mspabi_srli_13        
0000cb94  __mspabi_srli_12        
0000cb98  __mspabi_srli_11        
0000cb9c  __mspabi_srli_10        
0000cba0  __mspabi_srli_9         
0000cba4  __mspabi_srli_8         
0000cba8  __mspabi_srli_7         
0000cbac  __mspabi_srli_6         
0000cbb0  __mspabi_srli_5         
0000cbb4  __mspabi_srli_4         
0000cbb8  __mspabi_srli_3         
0000cbbc  __mspabi_srli_2         
0000cbc0  __mspabi_srli_1         
0000cbc6  __mspabi_divli          
0000cbc6  __mspabi_remli          
0000cc06  watchdog_timer          
0000cc46  initialize              
0000cc82  spiLedFlush             
0000ccbc  __mspabi_srai           
0000ccc8  __mspabi_srai_15        
0000ccca  __mspabi_srai_14        
0000cccc  __mspabi_srai_13        
0000ccce  __mspabi_srai_12        
0000ccd0  __mspabi_srai_11        
0000ccd2  __mspabi_srai_10        
0000ccd4  __mspabi_srai_9         
0000ccd6  __mspabi_srai_8         
0000ccd8  __mspabi_srai_7         
0000ccda  __mspabi_srai_6         
0000ccdc  __mspabi_srai_5         
0000ccde  __mspabi_srai_4         
0000cce0  __mspabi_srai_3         
0000cce2  __mspabi_srai_2         
0000cce4  __mspabi_srai_1         
0000cce8  ledsOff                 
0000cd12  mute                    
0000cd32  _c_int00_noargs_noexit  
0000cd4c  __TI_zero_init          
0000cd60  __mspabi_mpyi           
0000cd60  __mspabi_mpyi_sw        
0000cd74  __TI_decompress_none    
0000cd86  memcpy                  
0000cd98  __mspabi_func_epilog_7  
0000cd9a  __mspabi_func_epilog_6  
0000cd9c  __mspabi_func_epilog_5  
0000cd9e  __mspabi_func_epilog_4  
0000cda0  __mspabi_func_epilog_3  
0000cda2  __mspabi_func_epilog_2  
0000cda4  __mspabi_func_epilog_1  
0000cda8  readADC                 
0000cdb6  micros                  
0000cdc0  __TI_ISR_TRAP           
0000cdc6  __TI_decompress_rle24   
0000cdcc  _system_pre_init        
0000cdd0  C$$EXIT                 
0000cdd0  abort                   
0000ce74  __TI_Handler_Table_Base 
0000ce7a  __TI_Handler_Table_Limit
0000ce7e  __TI_CINIT_Base         
0000ce86  __TI_CINIT_Limit        
0000ffe0  __TI_int00              
0000ffe4  __TI_int02              
0000ffe6  __TI_int03              
0000ffea  __TI_int05              
0000ffec  __TI_int06              
0000ffee  __TI_int07              
0000fff0  __TI_int08              
0000fff2  __TI_int09              
0000fff4  __TI_int10              
0000fff6  __TI_int11              
0000fff8  __TI_int12              
0000fffa  __TI_int13              
0000fffc  __TI_int14              
0000fffe  _reset_vector           
ffffffff  __binit__               
ffffffff  __c_args__              
ffffffff  binit                   
UNDEFED   __TI_INITARRAY_Base     
UNDEFED   __TI_INITARRAY_Limit    

[227 symbols]
